Copyright 1986-2022 Xilinx, Inc. All Rights Reserved. Copyright 2022-2026 Advanced Micro Devices, Inc. All Rights Reserved.
---------------------------------------------------------------------------------------------------------------------------------------------
| Tool Version : Vivado v.2026.1 (win64) Build 6511674 Tue Jun 16 11:02:23 MDT 2026
| Date         : Sun Aug 16 14:48:52 2026
| Host         : Dynabook running 64-bit major release  (build 9200)
| Command      : report_timing_summary -file syn/reports/mac_T0_timing.rpt
| Design       : mac_array
| Device       : 7z020-clg484
| Speed File   : -2  PRODUCTION 1.12 2019-11-22
| Design State : Synthesized
---------------------------------------------------------------------------------------------------------------------------------------------

Timing Summary Report

------------------------------------------------------------------------------------------------
| Timer Settings
| --------------
------------------------------------------------------------------------------------------------

  Enable Multi Corner Analysis               :  Yes
  Enable Pessimism Removal                   :  Yes
  Pessimism Removal Resolution               :  Nearest Common Node
  Enable Input Delay Default Clock           :  No
  Enable Preset / Clear Arcs                 :  No
  Disable Flight Delays                      :  No
  Ignore I/O Paths                           :  No
  Timing Early Launch at Borrowing Latches   :  No
  Borrow Time for Max Delay Exceptions       :  Yes
  Merge Timing Exceptions                    :  Yes
  Inter-SLR Compensation                     :  Conservative

  Corner  Analyze    Analyze    
  Name    Max Paths  Min Paths  
  ------  ---------  ---------  
  Slow    Yes        Yes        
  Fast    Yes        Yes        


------------------------------------------------------------------------------------------------
| Report Methodology
| ------------------
------------------------------------------------------------------------------------------------

No report available as report_methodology has not been run prior. Run report_methodology on the current design for the summary of methodology violations.



check_timing report

Table of Contents
-----------------
1. checking no_clock (0)
2. checking constant_clock (0)
3. checking pulse_width_clock (0)
4. checking unconstrained_internal_endpoints (0)
5. checking no_input_delay (18)
6. checking no_output_delay (8192)
7. checking multiple_clock (0)
8. checking generated_clocks (0)
9. checking loops (0)
10. checking partial_input_delay (0)
11. checking partial_output_delay (0)
12. checking latch_loops (0)

1. checking no_clock (0)
------------------------
 There are 0 register/latch pins with no clock.


2. checking constant_clock (0)
------------------------------
 There are 0 register/latch pins with constant_clock.


3. checking pulse_width_clock (0)
---------------------------------
 There are 0 register/latch pins which need pulse_width check


4. checking unconstrained_internal_endpoints (0)
------------------------------------------------
 There are 0 pins that are not constrained for maximum delay.

 There are 0 pins that are not constrained for maximum delay due to constant clock.


5. checking no_input_delay (18)
-------------------------------
 There are 18 input ports with no input delay specified. (HIGH)

 There are 0 input ports with no input delay but user has a false path constraint.


6. checking no_output_delay (8192)
----------------------------------
 There are 8192 ports with no output delay specified. (HIGH)

 There are 0 ports with no output delay but user has a false path constraint

 There are 0 ports with no output delay but with a timing clock defined on it or propagating through it


7. checking multiple_clock (0)
------------------------------
 There are 0 register/latch pins with multiple clocks.


8. checking generated_clocks (0)
--------------------------------
 There are 0 generated clocks that are not connected to a clock source.


9. checking loops (0)
---------------------
 There are 0 combinational loops in the design.


10. checking partial_input_delay (0)
------------------------------------
 There are 0 input ports with partial input delay specified.


11. checking partial_output_delay (0)
-------------------------------------
 There are 0 ports with partial output delay specified.


12. checking latch_loops (0)
----------------------------
 There are 0 combinational latch loops in the design through latch input



------------------------------------------------------------------------------------------------
| Design Timing Summary
| ---------------------
------------------------------------------------------------------------------------------------

    WNS(ns)      TNS(ns)  TNS Failing Endpoints  TNS Total Endpoints      WHS(ns)      THS(ns)  THS Failing Endpoints  THS Total Endpoints     WPWS(ns)     TPWS(ns)  TPWS Failing Endpoints  TPWS Total Endpoints  
    -------      -------  ---------------------  -------------------      -------      -------  ---------------------  -------------------     --------     --------  ----------------------  --------------------  
      7.709        0.000                      0                 8192        0.300        0.000                      0                 8192        4.500        0.000                       0                  8192  


All user specified timing constraints are met.


------------------------------------------------------------------------------------------------
| Clock Summary
| -------------
------------------------------------------------------------------------------------------------

Clock  Waveform(ns)       Period(ns)      Frequency(MHz)
-----  ------------       ----------      --------------
clk    {0.000 5.000}      10.000          100.000         


------------------------------------------------------------------------------------------------
| Intra Clock Table
| -----------------
------------------------------------------------------------------------------------------------

Clock             WNS(ns)      TNS(ns)  TNS Failing Endpoints  TNS Total Endpoints      WHS(ns)      THS(ns)  THS Failing Endpoints  THS Total Endpoints     WPWS(ns)     TPWS(ns)  TPWS Failing Endpoints  TPWS Total Endpoints  
-----             -------      -------  ---------------------  -------------------      -------      -------  ---------------------  -------------------     --------     --------  ----------------------  --------------------  
clk                 7.709        0.000                      0                 8192        0.300        0.000                      0                 8192        4.500        0.000                       0                  8192  


------------------------------------------------------------------------------------------------
| Inter Clock Table
| -----------------
------------------------------------------------------------------------------------------------

From Clock    To Clock          WNS(ns)      TNS(ns)  TNS Failing Endpoints  TNS Total Endpoints      WHS(ns)      THS(ns)  THS Failing Endpoints  THS Total Endpoints  
----------    --------          -------      -------  ---------------------  -------------------      -------      -------  ---------------------  -------------------  


------------------------------------------------------------------------------------------------
| Other Path Groups Table
| -----------------------
------------------------------------------------------------------------------------------------

Path Group    From Clock    To Clock          WNS(ns)      TNS(ns)  TNS Failing Endpoints  TNS Total Endpoints      WHS(ns)      THS(ns)  THS Failing Endpoints  THS Total Endpoints  
----------    ----------    --------          -------      -------  ---------------------  -------------------      -------      -------  ---------------------  -------------------  


------------------------------------------------------------------------------------------------
| Timing Details
| --------------
------------------------------------------------------------------------------------------------


---------------------------------------------------------------------------------------------------
From Clock:  clk
  To Clock:  clk

Setup :            0  Failing Endpoints,  Worst Slack        7.709ns,  Total Violation        0.000ns
Hold  :            0  Failing Endpoints,  Worst Slack        0.300ns,  Total Violation        0.000ns
PW    :            0  Failing Endpoints,  Worst Slack        4.500ns,  Total Violation        0.000ns
---------------------------------------------------------------------------------------------------


Max Delay Paths
--------------------------------------------------------------------------------------
Slack (MET) :             7.709ns  (required time - arrival time)
  Source:                 g_mac[254].u_mac/acc_reg[0]/C
                            (rising edge-triggered cell FDRE clocked by clk  {rise@0.000ns fall@5.000ns period=10.000ns})
  Destination:            g_mac[254].u_mac/acc_reg[31]/D
                            (rising edge-triggered cell FDRE clocked by clk  {rise@0.000ns fall@5.000ns period=10.000ns})
  Path Group:             clk
  Path Type:              Setup (Max at Slow Process Corner)
  Requirement:            10.000ns  (clk rise@10.000ns - clk rise@0.000ns)
  Data Path Delay:        2.317ns  (logic 1.838ns (79.327%)  route 0.479ns (20.673%))
  Logic Levels:           9  (CARRY4=8 LUT2=1)
  Clock Path Skew:        -0.039ns (DCD - SCD + CPR)
    Destination Clock Delay (DCD):    0.748ns = ( 10.748 - 10.000 ) 
    Source Clock Delay      (SCD):    0.787ns
    Clock Pessimism Removal (CPR):    0.000ns
  Clock Uncertainty:      0.035ns  ((TSJ^2 + TIJ^2)^1/2 + DJ) / 2 + PE
    Total System Jitter     (TSJ):    0.071ns
    Total Input Jitter      (TIJ):    0.000ns
    Discrete Jitter          (DJ):    0.000ns
    Phase Error              (PE):    0.000ns

    Location             Delay type                Incr(ns)  Path(ns)    Netlist Resource(s)
  -------------------------------------------------------------------    -------------------
                         (clock clk rise edge)        0.000     0.000 r  <hidden>
                                                      0.000     0.000 r  clk
                         net (fo=8191, unset)         0.787     0.787    g_mac[254].u_mac/clk
                         FDRE                                         r  g_mac[254].u_mac/acc_reg[0]/C
  -------------------------------------------------------------------    -------------------
                         FDRE (Prop_fdre_C_Q)         0.433     1.220 r  g_mac[254].u_mac/acc_reg[0]/Q
                         net (fo=1, unplaced)         0.471     1.691    g_mac[0].u_mac/u_mult/acc_flat[0]
                         LUT2 (Prop_lut2_I1_O)        0.105     1.796 r  g_mac[0].u_mac/u_mult/acc[3]_i_5__253/O
                         net (fo=1, unplaced)         0.000     1.796    g_mac[254].u_mac/u_mult/S[0]
                         CARRY4 (Prop_carry4_S[0]_CO[3])
                                                      0.423     2.219 r  g_mac[254].u_mac/u_mult/acc_reg[3]_i_1__253/CO[3]
                         net (fo=1, unplaced)         0.008     2.227    g_mac[254].u_mac/u_mult/acc_reg[3]_i_1__253_n_0
                         CARRY4 (Prop_carry4_CI_CO[3])
                                                      0.100     2.327 r  g_mac[254].u_mac/u_mult/acc_reg[7]_i_1__253/CO[3]
                         net (fo=1, unplaced)         0.000     2.327    g_mac[254].u_mac/u_mult/acc_reg[7]_i_1__253_n_0
                         CARRY4 (Prop_carry4_CI_CO[3])
                                                      0.100     2.427 r  g_mac[254].u_mac/u_mult/acc_reg[11]_i_1__253/CO[3]
                         net (fo=1, unplaced)         0.000     2.427    g_mac[254].u_mac/u_mult/acc_reg[11]_i_1__253_n_0
                         CARRY4 (Prop_carry4_CI_CO[3])
                                                      0.100     2.527 r  g_mac[254].u_mac/u_mult/acc_reg[15]_i_1__253/CO[3]
                         net (fo=1, unplaced)         0.000     2.527    g_mac[254].u_mac/u_mult/acc_reg[15]_i_1__253_n_0
                         CARRY4 (Prop_carry4_CI_CO[3])
                                                      0.100     2.627 r  g_mac[254].u_mac/u_mult/acc_reg[19]_i_1__253/CO[3]
                         net (fo=1, unplaced)         0.000     2.627    g_mac[254].u_mac/u_mult/acc_reg[19]_i_1__253_n_0
                         CARRY4 (Prop_carry4_CI_CO[3])
                                                      0.100     2.727 r  g_mac[254].u_mac/u_mult/acc_reg[23]_i_1__253/CO[3]
                         net (fo=1, unplaced)         0.000     2.727    g_mac[254].u_mac/u_mult/acc_reg[23]_i_1__253_n_0
                         CARRY4 (Prop_carry4_CI_CO[3])
                                                      0.100     2.827 r  g_mac[254].u_mac/u_mult/acc_reg[27]_i_1__253/CO[3]
                         net (fo=1, unplaced)         0.000     2.827    g_mac[254].u_mac/u_mult/acc_reg[27]_i_1__253_n_0
                         CARRY4 (Prop_carry4_CI_O[3])
                                                      0.277     3.104 r  g_mac[254].u_mac/u_mult/acc_reg[31]_i_1__253/O[3]
                         net (fo=1, unplaced)         0.000     3.104    g_mac[254].u_mac/u_mult_n_39
                         FDRE                                         r  g_mac[254].u_mac/acc_reg[31]/D
  -------------------------------------------------------------------    -------------------

                         (clock clk rise edge)       10.000    10.000 r  <hidden>
                                                      0.000    10.000 r  clk
                         net (fo=8191, unset)         0.748    10.748    g_mac[254].u_mac/clk
                         FDRE                                         r  g_mac[254].u_mac/acc_reg[31]/C
                         clock pessimism              0.000    10.748    <hidden>
                         clock uncertainty           -0.035    10.712    <hidden>
                         FDRE (Setup_fdre_C_D)        0.101    10.813    g_mac[254].u_mac/acc_reg[31]
  -------------------------------------------------------------------
                         required time                         10.813    <hidden>
                         arrival time                          -3.104    <hidden>
  -------------------------------------------------------------------
                         slack                                  7.709    <hidden>





Min Delay Paths
--------------------------------------------------------------------------------------
Slack (MET) :             0.300ns  (arrival time - required time)
  Source:                 g_mac[0].u_mac/acc_reg[10]/C
                            (rising edge-triggered cell FDRE clocked by clk  {rise@0.000ns fall@5.000ns period=10.000ns})
  Destination:            g_mac[0].u_mac/acc_reg[10]/D
                            (rising edge-triggered cell FDRE clocked by clk  {rise@0.000ns fall@5.000ns period=10.000ns})
  Path Group:             clk
  Path Type:              Hold (Min at Fast Process Corner)
  Requirement:            0.000ns  (clk rise@0.000ns - clk rise@0.000ns)
  Data Path Delay:        0.455ns  (logic 0.274ns (60.219%)  route 0.181ns (39.781%))
  Logic Levels:           2  (CARRY4=1 LUT2=1)
  Clock Path Skew:        0.021ns (DCD - SCD - CPR)
    Destination Clock Delay (DCD):    0.411ns
    Source Clock Delay      (SCD):    0.390ns
    Clock Pessimism Removal (CPR):    -0.000ns

    Location             Delay type                Incr(ns)  Path(ns)    Netlist Resource(s)
  -------------------------------------------------------------------    -------------------
                         (clock clk rise edge)        0.000     0.000 r  <hidden>
                                                      0.000     0.000 r  clk
                         net (fo=8191, unset)         0.390     0.390    g_mac[0].u_mac/clk
                         FDRE                                         r  g_mac[0].u_mac/acc_reg[10]/C
  -------------------------------------------------------------------    -------------------
                         FDRE (Prop_fdre_C_Q)         0.164     0.554 r  g_mac[0].u_mac/acc_reg[10]/Q
                         net (fo=1, unplaced)         0.181     0.735    g_mac[0].u_mac/u_mult/acc_reg[31]_0[9]
                         LUT2 (Prop_lut2_I1_O)        0.045     0.780 r  g_mac[0].u_mac/u_mult/acc[11]_i_3/O
                         net (fo=1, unplaced)         0.000     0.780    g_mac[0].u_mac/u_mult/acc[11]_i_3_n_0
                         CARRY4 (Prop_carry4_S[2]_O[2])
                                                      0.065     0.845 r  g_mac[0].u_mac/u_mult/acc_reg[11]_i_1/O[2]
                         net (fo=1, unplaced)         0.000     0.845    g_mac[0].u_mac/u_mult_n_21
                         FDRE                                         r  g_mac[0].u_mac/acc_reg[10]/D
  -------------------------------------------------------------------    -------------------

                         (clock clk rise edge)        0.000     0.000 r  <hidden>
                                                      0.000     0.000 r  clk
                         net (fo=8191, unset)         0.411     0.411    g_mac[0].u_mac/clk
                         FDRE                                         r  g_mac[0].u_mac/acc_reg[10]/C
                         clock pessimism              0.000     0.411    <hidden>
                         FDRE (Hold_fdre_C_D)         0.134     0.545    g_mac[0].u_mac/acc_reg[10]
  -------------------------------------------------------------------
                         required time                         -0.545    <hidden>
                         arrival time                           0.845    <hidden>
  -------------------------------------------------------------------
                         slack                                  0.300    <hidden>





Pulse Width Checks
--------------------------------------------------------------------------------------
Clock Name:         clk
Waveform(ns):       { 0.000 5.000 }
Period(ns):         10.000
Sources:            { clk }

Check Type        Corner  Lib Pin  Reference Pin  Required(ns)  Actual(ns)  Slack(ns)  Location  Pin
Min Period        n/a     FDRE/C   n/a            1.000         10.000      9.000                g_mac[0].u_mac/acc_reg[0]/C
Low Pulse Width   Slow    FDRE/C   n/a            0.500         5.000       4.500                g_mac[0].u_mac/acc_reg[0]/C
High Pulse Width  Slow    FDRE/C   n/a            0.500         5.000       4.500                g_mac[0].u_mac/acc_reg[0]/C



